INFO [2026-08-07 14:42:28] Begin mcem process
INFO [2026-08-07 14:42:50] End mcem process
INFO [2026-08-07 14:44:40] Begin mcem process
INFO [2026-08-07 14:45:02] End mcem process
INFO [2026-08-07 14:52:57] Begin mcem process
INFO [2026-08-07 14:53:19] End mcem process
INFO [2026-08-07 15:35:38] Begin mcem process
INFO [2026-08-07 15:36:00] End mcem process
INFO [2026-08-07 15:36:00] There is no perfect accurate case.
INFO [2026-08-07 15:36:00] There is no zero accurate case.
INFO [2026-08-07 15:36:00] Begin scoring process
INFO [2026-08-07 15:36:00] Output map estimating score
INFO [2026-08-07 15:36:02] End scoring process
INFO [2026-08-07 15:36:03] There is no perfect accurate case.
INFO [2026-08-07 15:36:03] There is no zero accurate case.
INFO [2026-08-07 15:36:03] Begin scoring process
INFO [2026-08-07 15:36:03] Output eap estimating score
INFO [2026-08-07 15:36:04] End scoring process
INFO [2026-08-07 15:43:15] Begin mcem process
INFO [2026-08-07 15:43:37] End mcem process
INFO [2026-08-07 15:43:50] There is no perfect accurate case.
INFO [2026-08-07 15:43:50] There is no zero accurate case.
INFO [2026-08-07 15:43:50] Begin scoring process
INFO [2026-08-07 15:43:50] Output map estimating score
INFO [2026-08-07 15:43:53] End scoring process
INFO [2026-08-07 15:47:59] There is no perfect accurate case.
INFO [2026-08-07 15:47:59] There is no zero accurate case.
INFO [2026-08-07 15:47:59] Begin scoring process
INFO [2026-08-07 15:47:59] Output map estimating score
INFO [2026-08-07 15:48:01] End scoring process
INFO [2026-08-07 15:48:01] There is no perfect accurate case.
INFO [2026-08-07 15:48:01] There is no zero accurate case.
INFO [2026-08-07 15:48:01] Begin scoring process
INFO [2026-08-07 15:48:01] Output eap estimating score
INFO [2026-08-07 15:48:03] End scoring process
INFO [2026-08-07 15:50:06] There is no perfect accurate case.
INFO [2026-08-07 15:50:06] There is no zero accurate case.
INFO [2026-08-07 15:50:06] Begin scoring process
INFO [2026-08-07 15:50:06] Output eap estimating score
INFO [2026-08-07 15:50:07] End scoring process
INFO [2026-08-26 13:07:12] Begin testlet process
INFO [2026-08-26 13:08:12] End testlet process
INFO [2026-08-26 13:08:13] No cases!
INFO [2026-08-26 13:08:13] Begin preparing data process
INFO [2026-08-26 13:08:13] End preparing data process
INFO [2026-08-26 13:08:13] Begin scoring sentence censoring process
INFO [2026-08-26 13:08:46] End scoring sentence censoring process
INFO [2026-08-26 13:12:07] No cases!
INFO [2026-08-26 13:12:07] Begin preparing data process
INFO [2026-08-26 13:12:07] End preparing data process
INFO [2026-08-26 13:12:07] Begin scoring sentence censoring process
INFO [2026-08-26 13:12:41] End scoring sentence censoring process
INFO [2026-08-26 13:12:44] Begin mcem process
INFO [2026-08-26 13:13:05] End mcem process
INFO [2026-08-26 13:13:05] There is no perfect accurate case.
INFO [2026-08-26 13:13:05] There is no zero accurate case.
INFO [2026-08-26 13:13:05] Begin scoring process
INFO [2026-08-26 13:13:05] Output map estimating score
INFO [2026-08-26 13:13:07] End scoring process
INFO [2026-08-26 13:22:02] Begin mcem process
INFO [2026-08-26 13:22:25] End mcem process
INFO [2026-08-26 13:22:25] There is no perfect accurate case.
INFO [2026-08-26 13:22:25] There is no zero accurate case.
INFO [2026-08-26 13:22:25] Begin scoring process
INFO [2026-08-26 13:22:25] Output map estimating score
INFO [2026-08-26 13:22:27] End scoring process
INFO [2026-08-26 13:25:55] Begin mcem process
INFO [2026-08-26 13:26:17] End mcem process
INFO [2026-08-26 13:26:17] Begin preparing data process
INFO [2026-08-26 13:26:17] End preparing data process
INFO [2026-08-26 13:26:17] There is no perfect accurate case.
INFO [2026-08-26 13:26:17] There is no zero accurate case.
INFO [2026-08-26 13:26:17] Begin scoring process
INFO [2026-08-26 13:26:17] Output map estimating score
INFO [2026-08-26 13:26:19] End scoring process
INFO [2026-08-26 13:28:30] Begin mcem process
INFO [2026-08-26 13:28:54] End mcem process
INFO [2026-08-26 13:28:54] Begin preparing data process
INFO [2026-08-26 13:28:54] End preparing data process
INFO [2026-08-26 13:28:54] There is no perfect accurate case.
INFO [2026-08-26 13:28:54] There is no zero accurate case.
INFO [2026-08-26 13:28:54] Begin scoring process
INFO [2026-08-26 13:28:54] Output map estimating score
INFO [2026-08-26 13:28:56] End scoring process
INFO [2026-08-26 13:29:46] There is no perfect accurate case.
INFO [2026-08-26 13:29:46] There is no zero accurate case.
INFO [2026-08-26 13:29:46] Begin scoring process
INFO [2026-08-26 13:29:46] Output map estimating score
INFO [2026-08-26 13:29:48] End scoring process
INFO [2026-08-26 13:31:22] Begin preparing data process
INFO [2026-08-26 13:31:22] End preparing data process
INFO [2026-08-26 13:31:22] There is no perfect accurate case.
INFO [2026-08-26 13:31:22] There is no zero accurate case.
INFO [2026-08-26 13:31:22] Begin scoring process
INFO [2026-08-26 13:31:22] Output map estimating score
INFO [2026-08-26 13:31:24] End scoring process
INFO [2026-08-26 13:31:24] There is no perfect accurate case.
INFO [2026-08-26 13:31:24] There is no zero accurate case.
INFO [2026-08-26 13:31:24] Begin scoring process
INFO [2026-08-26 13:31:24] Output map estimating score
INFO [2026-08-26 13:31:26] End scoring process
INFO [2026-08-26 13:31:27] Begin testlet process
INFO [2026-08-26 13:32:05] End testlet process
INFO [2026-08-26 13:32:06] No cases!
INFO [2026-08-26 13:32:06] Begin preparing data process
INFO [2026-08-26 13:32:06] End preparing data process
INFO [2026-08-26 13:32:06] Begin scoring sentence censoring process
INFO [2026-08-26 13:32:38] End scoring sentence censoring process
INFO [2026-08-26 13:32:42] Begin mcem process
INFO [2026-08-26 13:33:03] End mcem process
INFO [2026-08-26 13:33:03] There is no perfect accurate case.
INFO [2026-08-26 13:33:03] There is no zero accurate case.
INFO [2026-08-26 13:33:03] Begin scoring process
INFO [2026-08-26 13:33:03] Output eap estimating score
INFO [2026-08-26 13:33:04] End scoring process
INFO [2026-08-26 13:33:04] There is no perfect accurate case.
INFO [2026-08-26 13:33:04] There is no zero accurate case.
INFO [2026-08-26 13:33:04] Begin scoring process
INFO [2026-08-26 13:33:05] Output eap estimating score
INFO [2026-08-26 13:33:06] End scoring process
INFO [2026-08-26 13:33:06] Begin wcpm process with bayes setting
INFO [2026-08-26 15:06:48] Begin mcem process
INFO [2026-08-26 15:07:11] End mcem process
INFO [2026-08-26 15:07:11] There is no perfect accurate case.
INFO [2026-08-26 15:07:11] There is no zero accurate case.
INFO [2026-08-26 15:07:11] Begin scoring process
INFO [2026-08-26 15:07:11] Output eap estimating score
INFO [2026-08-26 15:07:14] End scoring process
INFO [2026-08-26 15:07:14] There is no perfect accurate case.
INFO [2026-08-26 15:07:14] There is no zero accurate case.
INFO [2026-08-26 15:07:14] Begin scoring process
INFO [2026-08-26 15:07:14] Output eap estimating score
INFO [2026-08-26 15:07:17] End scoring process
INFO [2026-08-26 15:07:17] Begin wcpm process with bayes setting
INFO [2026-08-26 15:13:22] Begin mcem process
INFO [2026-08-26 15:13:46] End mcem process
INFO [2026-08-26 15:14:03] Begin mcem process
INFO [2026-08-26 15:14:27] End mcem process
INFO [2026-08-26 15:14:27] There is no perfect accurate case.
INFO [2026-08-26 15:14:27] There is no zero accurate case.
INFO [2026-08-26 15:14:27] Begin scoring process
INFO [2026-08-26 15:14:27] Output map estimating score
INFO [2026-08-26 15:14:30] End scoring process
INFO [2026-08-26 15:14:47] Begin mcem process
INFO [2026-08-26 15:15:10] End mcem process
INFO [2026-08-26 15:15:10] There is no perfect accurate case.
INFO [2026-08-26 15:15:10] There is no zero accurate case.
INFO [2026-08-26 15:15:10] Begin scoring process
INFO [2026-08-26 15:15:10] Output map estimating score
INFO [2026-08-26 15:15:13] End scoring process
INFO [2026-08-26 15:15:39] Begin mcem process
INFO [2026-08-26 15:16:02] End mcem process
INFO [2026-08-26 15:16:02] There is no perfect accurate case.
INFO [2026-08-26 15:16:02] There is no zero accurate case.
INFO [2026-08-26 15:16:02] Begin scoring process
INFO [2026-08-26 15:16:02] Output eap estimating score
INFO [2026-08-26 15:16:05] End scoring process
INFO [2026-08-26 15:16:05] There is no perfect accurate case.
INFO [2026-08-26 15:16:05] There is no zero accurate case.
INFO [2026-08-26 15:16:05] Begin scoring process
INFO [2026-08-26 15:16:05] Output eap estimating score
INFO [2026-08-26 15:16:07] End scoring process
INFO [2026-08-26 15:16:43] Begin mcem process
INFO [2026-08-26 15:17:06] End mcem process
INFO [2026-08-26 15:17:06] Begin preparing data process
INFO [2026-08-26 15:17:06] End preparing data process
INFO [2026-08-26 15:17:06] There is no perfect accurate case.
INFO [2026-08-26 15:17:06] There is no zero accurate case.
INFO [2026-08-26 15:17:06] Begin scoring process
INFO [2026-08-26 15:17:06] Output map estimating score
INFO [2026-08-26 15:17:09] End scoring process
INFO [2026-08-26 15:17:09] There is no perfect accurate case.
INFO [2026-08-26 15:17:09] There is no zero accurate case.
INFO [2026-08-26 15:17:09] Begin scoring process
INFO [2026-08-26 15:17:09] Output map estimating score
INFO [2026-08-26 15:17:11] End scoring process
INFO [2026-08-26 15:17:52] Begin testlet process
INFO [2026-08-26 15:19:00] End testlet process
INFO [2026-08-26 15:19:00] No cases!
INFO [2026-08-26 15:19:00] Begin preparing data process
INFO [2026-08-26 15:19:00] End preparing data process
INFO [2026-08-26 15:19:00] Begin scoring sentence censoring process
INFO [2026-08-26 15:19:34] End scoring sentence censoring process
INFO [2026-08-26 15:25:38] Begin testlet process
INFO [2026-08-26 15:26:16] End testlet process
INFO [2026-08-26 15:26:16] No cases!
INFO [2026-08-26 15:26:16] Begin preparing data process
INFO [2026-08-26 15:26:16] End preparing data process
INFO [2026-08-26 15:26:16] Begin scoring sentence censoring process
INFO [2026-08-26 15:26:49] End scoring sentence censoring process
INFO [2026-08-26 15:30:56] There is no perfect accurate case.
INFO [2026-08-26 15:30:56] There is no zero accurate case.
INFO [2026-08-26 15:30:56] Begin scoring process
INFO [2026-08-26 15:30:56] Output eap estimating score
INFO [2026-08-26 15:30:57] End scoring process
